// Jest Snapshot v1, https://goo.gl/fbAQLP

exports[`renders calculator page correctly`] = `
  <div className="calculator">
    <div className="calculator-container">
      <h2 className="calc-output">
        {total}
        {operation}
        {next}
      </h2>
      <div className="calculator-btns-container">
        <div className="btn-container">
          <button type="button">AC</button>
          <button type="button">+/-</button>
          <button type="button">%</button>
          <button type="button" className="operator">รท</button>
          <button type="button">7</button>
          <button type="button">8</button>
          <button type="button">9</button>
          <button type="button" className="operator">x</button>
          <button type="button">4</button>
          <button type="button">5</button>
          <button type="button">6</button>
          <button type="button"className="operator">-</button>
          <button type="button">1</button>
          <button type="button">2</button>
          <button type="button">3</button>
          <button type="button" className="operator">+</button>
          <button type="button" className="zero-btn">0</button>
          <button type="button">.</button>
          <button type="button" className="operator">=</button>
        </div>
      </div>
    </div>
  </div>
`;

exports[`renders calculator page correctly 1`] = `
<div
  className="calculator"
>
  <div
    className="calculator-container"
  >
    <h2
      className="calc-output"
    />
    <div
      className="calculator-btns-container"
    >
      <div
        className="btn-container"
      >
        <button
          onClick={[Function]}
          type="button"
        >
          AC
        </button>
        <button
          onClick={[Function]}
          type="button"
        >
          +/-
        </button>
        <button
          onClick={[Function]}
          type="button"
        >
          %
        </button>
        <button
          className="operator"
          onClick={[Function]}
          type="button"
        >
          รท
        </button>
        <button
          onClick={[Function]}
          type="button"
        >
          7
        </button>
        <button
          onClick={[Function]}
          type="button"
        >
          8
        </button>
        <button
          onClick={[Function]}
          type="button"
        >
          9
        </button>
        <button
          className="operator"
          onClick={[Function]}
          type="button"
        >
          x
        </button>
        <button
          onClick={[Function]}
          type="button"
        >
          4
        </button>
        <button
          onClick={[Function]}
          type="button"
        >
          5
        </button>
        <button
          onClick={[Function]}
          type="button"
        >
          6
        </button>
        <button
          className="operator"
          onClick={[Function]}
          type="button"
        >
          -
        </button>
        <button
          onClick={[Function]}
          type="button"
        >
          1
        </button>
        <button
          onClick={[Function]}
          type="button"
        >
          2
        </button>
        <button
          onClick={[Function]}
          type="button"
        >
          3
        </button>
        <button
          className="operator"
          onClick={[Function]}
          type="button"
        >
          +
        </button>
        <button
          className="zero-btn"
          onClick={[Function]}
          type="button"
        >
          0
        </button>
        <button
          onClick={[Function]}
          type="button"
        >
          .
        </button>
        <button
          className="operator"
          onClick={[Function]}
          type="button"
        >
          =
        </button>
      </div>
    </div>
  </div>
</div>
`;
